// Jest Snapshot v1, https://goo.gl/fbAQLP

exports[`<Post /> when post has no image should render correctly 1`] = `
<article
  class="flex bg-black p-4 text-white"
>
  <div
    class="shrink-0 pr-2"
  >
    <img
      alt="Leo\`s avatar"
      class="h-10 w-10 rounded-full"
      data-nimg="1"
      decoding="async"
      height="40"
      loading="lazy"
      src="/_next/image?url=%2Fimg.jpg&w=96&q=75"
      srcset="/_next/image?url=%2Fimg.jpg&w=48&q=75 1x, /_next/image?url=%2Fimg.jpg&w=96&q=75 2x"
      style="color: transparent;"
      width="40"
    />
  </div>
  <div>
    <a
      class="text-sm font-semibold"
      href="/@leo"
    >
      Leo
       
      <span
        class="font-normal text-gray-light hover:underline"
      >
        @leo
      </span>
    </a>
    <span
      class="text-gray-light"
    >
       • 
    </span>
    <a
      class="text-sm text-gray-light hover:underline"
      href="/post-url"
    >
      10 min
    </a>
    <p
      class="text-sm"
    >
      Life Update: I’m joining CR Vasco da Gama today. Honored to have worked with amazing people at Sao Paulo FC. Hope I don’t go back. Yay!
    </p>
    <div
      class="mt-4 flex items-center justify-between text-gray-light"
    >
      <button
        aria-label="Comment"
        class="group mr-5 flex items-center hover:text-brand"
      >
        <span
          class="relative -m-2 p-2 after:absolute after:inset-0 after:rounded-full after:bg-current after:opacity-0 after:transition-opacity after:group-hover:opacity-30"
        >
          <svg
            fill="none"
            height="16"
            width="16"
            xmlns="http://www.w3.org/2000/svg"
          >
            <path
              d="m9.364 1.495-2.765-.007h-.002c-2.916 0-5.2 2.285-5.2 5.201 0 2.732 2.124 4.804 4.977 4.914v2.552c0 .072.03.19.08.268a.496.496 0 0 0 .69.153c.175-.112 4.315-2.76 5.391-3.67 1.268-1.074 2.027-2.647 2.029-4.209v-.011c-.004-2.911-2.287-5.191-5.2-5.192Zm2.525 8.648c-.756.64-3.242 2.27-4.515 3.095v-2.125a.5.5 0 0 0-.5-.5H6.61c-2.44 0-4.212-1.65-4.212-3.924 0-2.356 1.845-4.201 4.2-4.201l2.765.007c2.356 0 4.2 1.844 4.202 4.197-.002 1.273-.628 2.563-1.676 3.45Z"
              fill="currentColor"
            />
          </svg>
        </span>
        <span
          class="ml-2 text-xs"
        >
          124
        </span>
      </button>
      <button
        aria-label="Re-post"
        class="group mr-5 flex items-center hover:text-[#0B7]"
      >
        <span
          class="relative -m-2 p-2 after:absolute after:inset-0 after:rounded-full after:bg-current after:opacity-0 after:transition-opacity after:group-hover:opacity-30"
        >
          <svg
            fill="none"
            height="16"
            width="16"
            xmlns="http://www.w3.org/2000/svg"
          >
            <path
              d="M15.847 10.447a.5.5 0 0 0-.707 0l-1.48 1.48V5.1c0-1.379-1.122-2.5-2.5-2.5h-3.9a.5.5 0 0 0 0 1h3.9c.827 0 1.5.673 1.5 1.5v6.827l-1.48-1.48a.5.5 0 1 0-.707.706l2.334 2.334a.494.494 0 0 0 .353.146.493.493 0 0 0 .353-.146l2.334-2.334a.498.498 0 0 0 0-.706ZM8.74 12.633h-3.9c-.827 0-1.5-.673-1.5-1.5V4.307l1.48 1.48a.501.501 0 0 0 .708-.707L3.195 2.747a.498.498 0 0 0-.707 0L.155 5.08a.5.5 0 1 0 .707.707l1.48-1.48v6.826c0 1.379 1.121 2.5 2.5 2.5h3.9a.5.5 0 0 0 0-1H8.74Z"
              fill="currentColor"
            />
          </svg>
        </span>
        <span
          class="ml-2 text-xs"
        >
          30
        </span>
      </button>
      <button
        aria-label="Like"
        class="group mr-5 flex items-center hover:text-[#F18]"
      >
        <span
          class="relative -m-2 p-2 after:absolute after:inset-0 after:rounded-full after:bg-current after:opacity-0 after:transition-opacity after:group-hover:opacity-30"
        >
          <svg
            fill="none"
            height="16"
            width="16"
            xmlns="http://www.w3.org/2000/svg"
          >
            <path
              d="M8 14.425h-.01C6.27 14.393 1.3 9.904 1.3 5.652c0-2.043 1.683-3.836 3.602-3.836 1.527 0 2.553 1.053 3.097 1.82.543-.765 1.57-1.82 3.097-1.82 1.92 0 3.603 1.793 3.603 3.837 0 4.25-4.97 8.74-6.692 8.771H8v.001ZM4.903 2.817C3.516 2.817 2.3 4.142 2.3 5.653c0 3.827 4.689 7.731 5.7 7.772 1.012-.041 5.7-3.944 5.7-7.772 0-1.511-1.216-2.836-2.602-2.836-1.686 0-2.627 1.957-2.635 1.976-.153.375-.77.375-.925 0-.009-.02-.95-1.976-2.636-1.976Z"
              fill="currentColor"
            />
          </svg>
        </span>
        <span
          class="ml-2 text-xs"
        >
          2.2k
        </span>
      </button>
      <button
        aria-label="Share"
        class="group mr-5 flex items-center hover:text-brand"
      >
        <span
          class="relative -m-2 p-2 after:absolute after:inset-0 after:rounded-full after:bg-current after:opacity-0 after:transition-opacity after:group-hover:opacity-30"
        >
          <svg
            fill="none"
            height="16"
            width="16"
            xmlns="http://www.w3.org/2000/svg"
          >
            <path
              d="M11.687 4.98 8.353 1.647a.5.5 0 0 0-.706 0L4.313 4.98a.5.5 0 1 0 .707.707l2.48-2.48V10a.5.5 0 0 0 1 0V3.207l2.48 2.48a.496.496 0 0 0 .707 0 .5.5 0 0 0 0-.707Z"
              fill="currentColor"
            />
            <path
              d="M13.139 14.63H2.86A1.53 1.53 0 0 1 1.333 13.1V9.333a.5.5 0 0 1 1 0v3.768c0 .292.237.528.528.528H13.14a.528.528 0 0 0 .528-.528V9.333a.5.5 0 0 1 1 0v3.768a1.53 1.53 0 0 1-1.528 1.528Z"
              fill="currentColor"
            />
          </svg>
        </span>
      </button>
    </div>
  </div>
</article>
`;
